// Jest Snapshot v1, https://goo.gl/fbAQLP

exports[`StyledTitleText render correctly 1`] = `
.c0 {
  color: #888888;
  font-weight: bold;
  font-size: 45px;
  margin-left: 10%;
  margin-top: 24px;
  text-align: left;
  margin-botom: 36px;
}

<div
  className="c0"
/>
`;
